/Users/michal/Documents/GitHub/final-project-syntax-squad/src/main/java/FinanceSectionController.java
/Users/michal/Documents/GitHub/final-project-syntax-squad/src/main/java/MusicPlayerController.java
/Users/michal/Documents/GitHub/final-project-syntax-squad/src/main/java/HomeController.java
/Users/michal/Documents/GitHub/final-project-syntax-squad/src/main/java/BudgetController.java
/Users/michal/Documents/GitHub/final-project-syntax-squad/src/main/java/GraphingCalculatorController.java
/Users/michal/Documents/GitHub/final-project-syntax-squad/src/main/java/WatchlistController.java
/Users/michal/Documents/GitHub/final-project-syntax-squad/src/main/java/StockSearchController.java
/Users/michal/Documents/GitHub/final-project-syntax-squad/src/main/java/Main.java
/Users/michal/Documents/GitHub/final-project-syntax-squad/src/main/java/NotesController.java
/Users/michal/Documents/GitHub/final-project-syntax-squad/src/main/java/Taskade.java
/Users/michal/Documents/GitHub/final-project-syntax-squad/src/main/java/Watchlist.java
